// Jest Snapshot v1, https://goo.gl/fbAQLP

exports[`MultiKeyQueue basic workflow back 1`] = `"Key already exists"`;

exports[`MultiKeyQueue basic workflow front 1`] = `"Key already exists"`;
